Using pre-set license
Built from '6000.0/staging' branch; Version is '6000.0.30f1 (62b05ba0686a) revision 6467675'; Using compiler version '193933523'; Build Type 'Release'
OS: 'Windows 11  (10.0.26200) 64bit Core' Language: 'da' Physical Memory: 32678 MB
BatchMode: 1, IsHumanControllingUs: 0, StartBugReporterOnCrash: 0, Is64bit: 1, IsPro: 1

COMMAND LINE ARGUMENTS:
C:\Program Files\Unity\Hub\Editor\6000.0.30f1\Editor\Unity.exe
-adb2
-batchMode
-noUpm
-name
AssetImportWorker5
-projectPath
C:/Users/carco/Portfolio_Project/Portfolio/PortfolioProject
-logFile
Logs/AssetImportWorker5.log
-srvPort
56230
-job-worker-count
7
-background-job-worker-count
8
-asset-garbage-collectors
1
Successfully changed project path to: C:/Users/carco/Portfolio_Project/Portfolio/PortfolioProject
C:/Users/carco/Portfolio_Project/Portfolio/PortfolioProject
[UnityMemory] Configuration Parameters - Can be set up in boot.config
    "memorysetup-bucket-allocator-granularity=16"
    "memorysetup-bucket-allocator-bucket-count=8"
    "memorysetup-bucket-allocator-block-size=33554432"
    "memorysetup-bucket-allocator-block-count=8"
    "memorysetup-main-allocator-block-size=16777216"
    "memorysetup-thread-allocator-block-size=16777216"
    "memorysetup-gfx-main-allocator-block-size=16777216"
    "memorysetup-gfx-thread-allocator-block-size=16777216"
    "memorysetup-cache-allocator-block-size=4194304"
    "memorysetup-typetree-allocator-block-size=2097152"
    "memorysetup-profiler-bucket-allocator-granularity=16"
    "memorysetup-profiler-bucket-allocator-bucket-count=8"
    "memorysetup-profiler-bucket-allocator-block-size=33554432"
    "memorysetup-profiler-bucket-allocator-block-count=8"
    "memorysetup-profiler-allocator-block-size=16777216"
    "memorysetup-profiler-editor-allocator-block-size=1048576"
    "memorysetup-temp-allocator-size-main=16777216"
    "memorysetup-job-temp-allocator-block-size=2097152"
    "memorysetup-job-temp-allocator-block-size-background=1048576"
    "memorysetup-job-temp-allocator-reduction-small-platforms=262144"
    "memorysetup-allocator-temp-initial-block-size-main=262144"
    "memorysetup-allocator-temp-initial-block-size-worker=262144"
    "memorysetup-temp-allocator-size-background-worker=32768"
    "memorysetup-temp-allocator-size-job-worker=262144"
    "memorysetup-temp-allocator-size-preload-manager=33554432"
    "memorysetup-temp-allocator-size-nav-mesh-worker=65536"
    "memorysetup-temp-allocator-size-audio-worker=65536"
    "memorysetup-temp-allocator-size-cloud-worker=32768"
    "memorysetup-temp-allocator-size-gi-baking-worker=262144"
    "memorysetup-temp-allocator-size-gi-baking-worker=262144"
    "memorysetup-temp-allocator-size-gi-baking-worker=262144"
    "memorysetup-temp-allocator-size-gi-baking-worker=262144"
    "memorysetup-temp-allocator-size-gi-baking-worker=262144"
    "memorysetup-temp-allocator-size-gfx=262144"
Player connection [13620]  Target information:

Player connection [13620]  * "[IP] 192.168.1.64 [Port] 0 [Flags] 2 [Guid] 880970334 [EditorId] 880970334 [Version] 1048832 [Id] WindowsEditor(7,Shakma2) [Debug] 1 [PackageName] WindowsEditor [ProjectName] Editor" 

Player connection [13620] Host joined multi-casting on [225.0.0.222:54997]...
Player connection [13620] Host joined alternative multi-casting on [225.0.0.222:34997]...
JobSystem: Creating JobQueue using job-worker-count value 7
[Physics::Module] Initialized fallback backend.
[Physics::Module] Id: 0xdecafbad
Library Redirect Path: Library/
[Physics::Module] Selected backend.
[Physics::Module] Name: PhysX
[Physics::Module] Id: 0xf2b8ea05
[Physics::Module] SDK Version: 4.1.2
[Physics::Module] Integration Version: 1.0.0
[Physics::Module] Threading Mode: Multi-Threaded
Refreshing native plugins compatible for Editor in 1.33 ms, found 2 plugins.
Preloading 0 native plugins for Editor in 0.00 ms.
Initialize engine version: 6000.0.30f1 (62b05ba0686a)
[Subsystems] Discovering subsystems at path C:/Program Files/Unity/Hub/Editor/6000.0.30f1/Editor/Data/Resources/UnitySubsystems
[Subsystems] Discovering subsystems at path C:/Users/carco/Portfolio_Project/Portfolio/PortfolioProject/Assets
GfxDevice: creating device client; kGfxThreadingModeNonThreaded
Direct3D:
    Version:  Direct3D 11.0 [level 11.1]
    Renderer: NVIDIA GeForce RTX 3080 (ID=0x2206)
    Vendor:   NVIDIA
    VRAM:     10053 MB
    Driver:   32.0.15.7697
Initialize mono
Mono path[0] = 'C:/Program Files/Unity/Hub/Editor/6000.0.30f1/Editor/Data/Managed'
Mono path[1] = 'C:/Program Files/Unity/Hub/Editor/6000.0.30f1/Editor/Data/MonoBleedingEdge/lib/mono/unityjit-win32'
Mono config path = 'C:/Program Files/Unity/Hub/Editor/6000.0.30f1/Editor/Data/MonoBleedingEdge/etc'
Using monoOptions --debugger-agent=transport=dt_socket,embedding=1,server=y,suspend=n,address=127.0.0.1:56708
Begin MonoManager ReloadAssembly
Registering precompiled unity dll's ...
Register platform support module: C:/Program Files/Unity/Hub/Editor/6000.0.30f1/Editor/Data/PlaybackEngines/WebGLSupport/UnityEditor.WebGL.Extensions.dll
Register platform support module: C:/Program Files/Unity/Hub/Editor/6000.0.30f1/Editor/Data/PlaybackEngines/WindowsStandaloneSupport/UnityEditor.WindowsStandalone.Extensions.dll
Registered in 0.004570 seconds.
- Loaded All Assemblies, in  0.304 seconds
Native extension for WindowsStandalone target not found
Native extension for WebGL target not found
Mono: successfully reloaded assembly
- Finished resetting the current domain, in  0.240 seconds
Domain Reload Profiling: 542ms
	BeginReloadAssembly (104ms)
		ExecutionOrderSort (0ms)
		DisableScriptedObjects (0ms)
		BackupInstance (0ms)
		ReleaseScriptingObjects (0ms)
		CreateAndSetChildDomain (1ms)
	RebuildCommonClasses (29ms)
	RebuildNativeTypeToScriptingClass (9ms)
	initialDomainReloadingComplete (43ms)
	LoadAllAssembliesAndSetupDomain (116ms)
		LoadAssemblies (101ms)
		RebuildTransferFunctionScriptingTraits (0ms)
		AnalyzeDomain (114ms)
			TypeCache.Refresh (113ms)
				TypeCache.ScanAssembly (103ms)
			BuildScriptInfoCaches (0ms)
			ResolveRequiredComponents (0ms)
	FinalizeReload (241ms)
		ReleaseScriptCaches (0ms)
		RebuildScriptCaches (0ms)
		SetupLoadedEditorAssemblies (215ms)
			LogAssemblyErrors (0ms)
			InitializePlatformSupportModulesInManaged (22ms)
			SetLoadedEditorAssemblies (3ms)
			BeforeProcessingInitializeOnLoad (36ms)
			ProcessInitializeOnLoadAttributes (114ms)
			ProcessInitializeOnLoadMethodAttributes (39ms)
			AfterProcessingInitializeOnLoad (0ms)
			EditorAssembliesLoaded (0ms)
		ExecutionOrderSort2 (0ms)
		AwakeInstancesAfterBackupRestoration (0ms)
========================================================================
Worker process is ready to serve import requests
Import Worker Mode flag is 0x00
Begin MonoManager ReloadAssembly
- Loaded All Assemblies, in  0.397 seconds
Refreshing native plugins compatible for Editor in 0.56 ms, found 2 plugins.
Native extension for WindowsStandalone target not found
Native extension for WebGL target not found
Mono: successfully reloaded assembly
- Finished resetting the current domain, in  0.386 seconds
Domain Reload Profiling: 779ms
	BeginReloadAssembly (134ms)
		ExecutionOrderSort (0ms)
		DisableScriptedObjects (5ms)
		BackupInstance (0ms)
		ReleaseScriptingObjects (0ms)
		CreateAndSetChildDomain (23ms)
	RebuildCommonClasses (29ms)
	RebuildNativeTypeToScriptingClass (9ms)
	initialDomainReloadingComplete (30ms)
	LoadAllAssembliesAndSetupDomain (191ms)
		LoadAssemblies (198ms)
		RebuildTransferFunctionScriptingTraits (0ms)
		AnalyzeDomain (74ms)
			TypeCache.Refresh (55ms)
				TypeCache.ScanAssembly (46ms)
			BuildScriptInfoCaches (15ms)
			ResolveRequiredComponents (2ms)
	FinalizeReload (386ms)
		ReleaseScriptCaches (0ms)
		RebuildScriptCaches (0ms)
		SetupLoadedEditorAssemblies (310ms)
			LogAssemblyErrors (0ms)
			InitializePlatformSupportModulesInManaged (2ms)
			SetLoadedEditorAssemblies (2ms)
			BeforeProcessingInitializeOnLoad (52ms)
			ProcessInitializeOnLoadAttributes (230ms)
			ProcessInitializeOnLoadMethodAttributes (18ms)
			AfterProcessingInitializeOnLoad (6ms)
			EditorAssembliesLoaded (0ms)
		ExecutionOrderSort2 (0ms)
		AwakeInstancesAfterBackupRestoration (5ms)
Launched and connected shader compiler UnityShaderCompiler.exe after 0.01 seconds
Refreshing native plugins compatible for Editor in 1.06 ms, found 2 plugins.
Preloading 0 native plugins for Editor in 0.00 ms.
Unloading 21 Unused Serialized files (Serialized files now loaded: 0)
Unloading 1615 unused Assets / (0.5 MB). Loaded Objects now: 2123.
Memory consumption went from 72.0 MB to 71.5 MB.
Total: 7.878900 ms (FindLiveObjects: 0.421300 ms CreateObjectMapping: 0.105400 ms MarkObjects: 6.717100 ms  DeleteObjects: 0.631800 ms)

========================================================================
Received Import Request.
  Time since last request: 78966.125230 seconds.
  path: Assets/Plugins/3DTextGenerator/Character Models/bar.obj
  artifactKey: Guid(d2123c7fc77219349b1813c8d46be309) Importer(815301076,1909f56bfc062723c751e8b465ee728b)
Start importing Assets/Plugins/3DTextGenerator/Character Models/bar.obj using Guid(d2123c7fc77219349b1813c8d46be309) Importer(815301076,1909f56bfc062723c751e8b465ee728b) (PreviewImporter) -> (artifact id: 'a36dc3b17f3c9a6c37bcb71e695d5040') in 0.1946153 seconds
Number of updated asset objects reloaded before import = 0Number of asset objects unloaded after import = 10

========================================================================
Received Import Request.
  Time since last request: 0.000021 seconds.
  path: Assets/Plugins/3DTextGenerator/Character Models/upper_M.obj
  artifactKey: Guid(4b8bb0176b27b1c42b3a83a55f765416) Importer(815301076,1909f56bfc062723c751e8b465ee728b)
Start importing Assets/Plugins/3DTextGenerator/Character Models/upper_M.obj using Guid(4b8bb0176b27b1c42b3a83a55f765416) Importer(815301076,1909f56bfc062723c751e8b465ee728b) (PreviewImporter) -> (artifact id: 'd78d62befe7d0db9c26546ce7863732d') in 0.0183804 seconds
Number of updated asset objects reloaded before import = 0Number of asset objects unloaded after import = 10

========================================================================
Received Import Request.
  Time since last request: 0.000023 seconds.
  path: Assets/Plugins/3DTextGenerator/Character Models/upper_Q.obj
  artifactKey: Guid(c2b3622e5e382044ea7ab4397845de4a) Importer(815301076,1909f56bfc062723c751e8b465ee728b)
Start importing Assets/Plugins/3DTextGenerator/Character Models/upper_Q.obj using Guid(c2b3622e5e382044ea7ab4397845de4a) Importer(815301076,1909f56bfc062723c751e8b465ee728b) (PreviewImporter) -> (artifact id: '830c236e1f38902713d64b57613e9b15') in 0.0189864 seconds
Number of updated asset objects reloaded before import = 0Number of asset objects unloaded after import = 10

========================================================================
Received Import Request.
  Time since last request: 0.000016 seconds.
  path: Assets/Plugins/3DTextGenerator/Character Models/lower_u.obj
  artifactKey: Guid(f9ce1b435fe859140a3acbf6815c81b4) Importer(815301076,1909f56bfc062723c751e8b465ee728b)
Start importing Assets/Plugins/3DTextGenerator/Character Models/lower_u.obj using Guid(f9ce1b435fe859140a3acbf6815c81b4) Importer(815301076,1909f56bfc062723c751e8b465ee728b) (PreviewImporter) -> (artifact id: '994df9d177da8ef41a7981f14b1c9823') in 0.0191143 seconds
Number of updated asset objects reloaded before import = 0Number of asset objects unloaded after import = 10

========================================================================
Received Import Request.
  Time since last request: 0.000014 seconds.
  path: Assets/Plugins/3DTextGenerator/Character Models/upper_S.obj
  artifactKey: Guid(e504513312d38e84784a18bb7a48a4f2) Importer(815301076,1909f56bfc062723c751e8b465ee728b)
Start importing Assets/Plugins/3DTextGenerator/Character Models/upper_S.obj using Guid(e504513312d38e84784a18bb7a48a4f2) Importer(815301076,1909f56bfc062723c751e8b465ee728b) (PreviewImporter) -> (artifact id: 'd9745cf0ef399e5910f9a7e351677b94') in 0.017559 seconds
Number of updated asset objects reloaded before import = 0Number of asset objects unloaded after import = 10

========================================================================
Received Import Request.
  Time since last request: 0.000013 seconds.
  path: Assets/Plugins/3DTextGenerator/Character Models/upper_P.obj
  artifactKey: Guid(bd1be0ddc0b09dc4a99990b411ec3cfd) Importer(815301076,1909f56bfc062723c751e8b465ee728b)
Start importing Assets/Plugins/3DTextGenerator/Character Models/upper_P.obj using Guid(bd1be0ddc0b09dc4a99990b411ec3cfd) Importer(815301076,1909f56bfc062723c751e8b465ee728b) (PreviewImporter) -> (artifact id: '809510d57fc353e064f4551e9bcd01ef') in 0.0211275 seconds
Number of updated asset objects reloaded before import = 0Number of asset objects unloaded after import = 10

========================================================================
Received Import Request.
  Time since last request: 0.000018 seconds.
  path: Assets/Plugins/3DTextGenerator/Character Models/lower_i.obj
  artifactKey: Guid(778ce252e9e28fd43ad4eaab3ae8a77a) Importer(815301076,1909f56bfc062723c751e8b465ee728b)
Start importing Assets/Plugins/3DTextGenerator/Character Models/lower_i.obj using Guid(778ce252e9e28fd43ad4eaab3ae8a77a) Importer(815301076,1909f56bfc062723c751e8b465ee728b) (PreviewImporter) -> (artifact id: '5fca1a4faebfc0b13d2913de418afc2a') in 0.0221281 seconds
Number of updated asset objects reloaded before import = 0Number of asset objects unloaded after import = 10

========================================================================
Received Import Request.
  Time since last request: 0.000015 seconds.
  path: Assets/Plugins/3DTextGenerator/Character Models/upper_E_acute.obj
  artifactKey: Guid(49e45796a28962c47af056f926023368) Importer(815301076,1909f56bfc062723c751e8b465ee728b)
Start importing Assets/Plugins/3DTextGenerator/Character Models/upper_E_acute.obj using Guid(49e45796a28962c47af056f926023368) Importer(815301076,1909f56bfc062723c751e8b465ee728b) (PreviewImporter) -> (artifact id: 'b8cb93ede55d876cca74d9547f113b56') in 0.0207709 seconds
Number of updated asset objects reloaded before import = 0Number of asset objects unloaded after import = 10

========================================================================
Received Import Request.
  Time since last request: 0.000013 seconds.
  path: Assets/Plugins/3DTextGenerator/Character Models/lower_u_circum.obj
  artifactKey: Guid(53712c2cba30de04fbddf3c7cb5d4afa) Importer(815301076,1909f56bfc062723c751e8b465ee728b)
Start importing Assets/Plugins/3DTextGenerator/Character Models/lower_u_circum.obj using Guid(53712c2cba30de04fbddf3c7cb5d4afa) Importer(815301076,1909f56bfc062723c751e8b465ee728b) (PreviewImporter) -> (artifact id: '40f7382e5266c0bfe3fa318ebcd3348b') in 0.0208567 seconds
Number of updated asset objects reloaded before import = 0Number of asset objects unloaded after import = 10

========================================================================
Received Import Request.
  Time since last request: 0.000018 seconds.
  path: Assets/Plugins/3DTextGenerator/Character Models/lower_e_acute.obj
  artifactKey: Guid(6bee5d67a1cd07c4ab2153e51481d96f) Importer(815301076,1909f56bfc062723c751e8b465ee728b)
Start importing Assets/Plugins/3DTextGenerator/Character Models/lower_e_acute.obj using Guid(6bee5d67a1cd07c4ab2153e51481d96f) Importer(815301076,1909f56bfc062723c751e8b465ee728b) (PreviewImporter) -> (artifact id: 'd73607585739e2222fda960dd11b63d7') in 0.0209872 seconds
Number of updated asset objects reloaded before import = 0Number of asset objects unloaded after import = 10

========================================================================
Received Import Request.
  Time since last request: 0.000013 seconds.
  path: Assets/Plugins/3DTextGenerator/Character Models/upper_B.obj
  artifactKey: Guid(41133f67d1899ee4190c550223be235f) Importer(815301076,1909f56bfc062723c751e8b465ee728b)
Start importing Assets/Plugins/3DTextGenerator/Character Models/upper_B.obj using Guid(41133f67d1899ee4190c550223be235f) Importer(815301076,1909f56bfc062723c751e8b465ee728b) (PreviewImporter) -> (artifact id: '1db22d294a94f4874a0a1766afb37b1c') in 0.0232383 seconds
Number of updated asset objects reloaded before import = 0Number of asset objects unloaded after import = 10

========================================================================
Received Import Request.
  Time since last request: 0.000016 seconds.
  path: Assets/Plugins/3DTextGenerator/Character Models/upper_I_grave.obj
  artifactKey: Guid(ce8748ed3dfdd834ab38f39ab496afe1) Importer(815301076,1909f56bfc062723c751e8b465ee728b)
Start importing Assets/Plugins/3DTextGenerator/Character Models/upper_I_grave.obj using Guid(ce8748ed3dfdd834ab38f39ab496afe1) Importer(815301076,1909f56bfc062723c751e8b465ee728b) (PreviewImporter) -> (artifact id: 'bb031281b7f93f93afba6b1c8f808434') in 0.0213757 seconds
Number of updated asset objects reloaded before import = 0Number of asset objects unloaded after import = 10

========================================================================
Received Import Request.
  Time since last request: 0.000021 seconds.
  path: Assets/Plugins/3DTextGenerator/Character Models/parentleft.obj
  artifactKey: Guid(ea85a6aa0aa5ba44aa1955ba010f589c) Importer(815301076,1909f56bfc062723c751e8b465ee728b)
Start importing Assets/Plugins/3DTextGenerator/Character Models/parentleft.obj using Guid(ea85a6aa0aa5ba44aa1955ba010f589c) Importer(815301076,1909f56bfc062723c751e8b465ee728b) (PreviewImporter) -> (artifact id: 'fb0b9ecd0553927c3773248aadefd67b') in 0.0214007 seconds
Number of updated asset objects reloaded before import = 0Number of asset objects unloaded after import = 10

========================================================================
Received Import Request.
  Time since last request: 0.000020 seconds.
  path: Assets/Plugins/3DTextGenerator/Character Models/lower_a_acute.obj
  artifactKey: Guid(4e9ae1be580929b4aa702645ef98ad37) Importer(815301076,1909f56bfc062723c751e8b465ee728b)
Start importing Assets/Plugins/3DTextGenerator/Character Models/lower_a_acute.obj using Guid(4e9ae1be580929b4aa702645ef98ad37) Importer(815301076,1909f56bfc062723c751e8b465ee728b) (PreviewImporter) -> (artifact id: '6e1bc6e48ace90471bd2a989724922b5') in 0.0205988 seconds
Number of updated asset objects reloaded before import = 0Number of asset objects unloaded after import = 10

========================================================================
Received Import Request.
  Time since last request: 0.000023 seconds.
  path: Assets/Plugins/3DTextGenerator/Character Models/comma.obj
  artifactKey: Guid(a854dd1e6b22a3e4b9bbc55234cf2eef) Importer(815301076,1909f56bfc062723c751e8b465ee728b)
Start importing Assets/Plugins/3DTextGenerator/Character Models/comma.obj using Guid(a854dd1e6b22a3e4b9bbc55234cf2eef) Importer(815301076,1909f56bfc062723c751e8b465ee728b) (PreviewImporter) -> (artifact id: 'e150608170bc3938111ec7ff02ef1744') in 0.0209427 seconds
Number of updated asset objects reloaded before import = 0Number of asset objects unloaded after import = 10

========================================================================
Received Import Request.
  Time since last request: 0.000016 seconds.
  path: Assets/Plugins/3DTextGenerator/Character Models/three.obj
  artifactKey: Guid(dedaa4c315b4b04479dd08cc38d64dfe) Importer(815301076,1909f56bfc062723c751e8b465ee728b)
Start importing Assets/Plugins/3DTextGenerator/Character Models/three.obj using Guid(dedaa4c315b4b04479dd08cc38d64dfe) Importer(815301076,1909f56bfc062723c751e8b465ee728b) (PreviewImporter) -> (artifact id: '0a104bdd0ff6c59d2aef0af84e68d863') in 0.0207089 seconds
Number of updated asset objects reloaded before import = 0Number of asset objects unloaded after import = 10

========================================================================
Received Import Request.
  Time since last request: 0.000019 seconds.
  path: Assets/Plugins/3DTextGenerator/Character Models/lower_o_diae.obj
  artifactKey: Guid(2392d576b7fa4fd43bfc1fc3c1777b5c) Importer(815301076,1909f56bfc062723c751e8b465ee728b)
Start importing Assets/Plugins/3DTextGenerator/Character Models/lower_o_diae.obj using Guid(2392d576b7fa4fd43bfc1fc3c1777b5c) Importer(815301076,1909f56bfc062723c751e8b465ee728b) (PreviewImporter) -> (artifact id: '82ea3a8317c15d8bd7fde3fb38ab4ce2') in 0.0195259 seconds
Number of updated asset objects reloaded before import = 0Number of asset objects unloaded after import = 10

========================================================================
Received Import Request.
  Time since last request: 0.000016 seconds.
  path: Assets/Plugins/3DTextGenerator/Character Models/upper_E_grave.obj
  artifactKey: Guid(e60e926c8c686f94a904d3185e6650e7) Importer(815301076,1909f56bfc062723c751e8b465ee728b)
Start importing Assets/Plugins/3DTextGenerator/Character Models/upper_E_grave.obj using Guid(e60e926c8c686f94a904d3185e6650e7) Importer(815301076,1909f56bfc062723c751e8b465ee728b) (PreviewImporter) -> (artifact id: '70fe78194f17367788824e059a9a5d25') in 0.0202857 seconds
Number of updated asset objects reloaded before import = 0Number of asset objects unloaded after import = 10

========================================================================
Received Import Request.
  Time since last request: 0.000015 seconds.
  path: Assets/Plugins/3DTextGenerator/Character Models/lower_n_tilde.obj
  artifactKey: Guid(0658ee465b512eb468e8c270feb7f447) Importer(815301076,1909f56bfc062723c751e8b465ee728b)
Start importing Assets/Plugins/3DTextGenerator/Character Models/lower_n_tilde.obj using Guid(0658ee465b512eb468e8c270feb7f447) Importer(815301076,1909f56bfc062723c751e8b465ee728b) (PreviewImporter) -> (artifact id: 'f6fd1edcc4e4ffc1f05b037f5fe39b3d') in 0.0203819 seconds
Number of updated asset objects reloaded before import = 0Number of asset objects unloaded after import = 10

========================================================================
Received Import Request.
  Time since last request: 0.000034 seconds.
  path: Assets/Plugins/3DTextGenerator/Character Models/one.obj
  artifactKey: Guid(7142f97f58c7d354890a7f4ddb8b7770) Importer(815301076,1909f56bfc062723c751e8b465ee728b)
Start importing Assets/Plugins/3DTextGenerator/Character Models/one.obj using Guid(7142f97f58c7d354890a7f4ddb8b7770) Importer(815301076,1909f56bfc062723c751e8b465ee728b) (PreviewImporter) -> (artifact id: '5325df606e2d94126292a6e1c77d396b') in 0.0205141 seconds
Number of updated asset objects reloaded before import = 0Number of asset objects unloaded after import = 10

========================================================================
Received Import Request.
  Time since last request: 0.000014 seconds.
  path: Assets/Plugins/3DTextGenerator/Character Models/lower_f.obj
  artifactKey: Guid(eed1ab79ab65503438e56b528919d0f3) Importer(815301076,1909f56bfc062723c751e8b465ee728b)
Start importing Assets/Plugins/3DTextGenerator/Character Models/lower_f.obj using Guid(eed1ab79ab65503438e56b528919d0f3) Importer(815301076,1909f56bfc062723c751e8b465ee728b) (PreviewImporter) -> (artifact id: '8b5ec16f32345e707ec2b47d267773ac') in 0.0199491 seconds
Number of updated asset objects reloaded before import = 0Number of asset objects unloaded after import = 10

========================================================================
Received Import Request.
  Time since last request: 0.000017 seconds.
  path: Assets/Plugins/3DTextGenerator/Character Models/lower_u_acute.obj
  artifactKey: Guid(15ad93df9b424cc41b658b734098c39b) Importer(815301076,1909f56bfc062723c751e8b465ee728b)
Start importing Assets/Plugins/3DTextGenerator/Character Models/lower_u_acute.obj using Guid(15ad93df9b424cc41b658b734098c39b) Importer(815301076,1909f56bfc062723c751e8b465ee728b) (PreviewImporter) -> (artifact id: 'bbab5b357ca2a5606f4997700744ab81') in 0.020713 seconds
Number of updated asset objects reloaded before import = 0Number of asset objects unloaded after import = 10

========================================================================
Received Import Request.
  Time since last request: 0.000016 seconds.
  path: Assets/Plugins/3DTextGenerator/Character Models/upper_O_grave.obj
  artifactKey: Guid(5315379474b81cd41bcce6949a484fc4) Importer(815301076,1909f56bfc062723c751e8b465ee728b)
Start importing Assets/Plugins/3DTextGenerator/Character Models/upper_O_grave.obj using Guid(5315379474b81cd41bcce6949a484fc4) Importer(815301076,1909f56bfc062723c751e8b465ee728b) (PreviewImporter) -> (artifact id: 'ee5d0b9adf4fa4e25123d8708bab00e8') in 0.0207654 seconds
Number of updated asset objects reloaded before import = 0Number of asset objects unloaded after import = 10

========================================================================
Received Import Request.
  Time since last request: 0.000021 seconds.
  path: Assets/Plugins/3DTextGenerator/Character Models/upper_H.obj
  artifactKey: Guid(cc992e463b854b44ea86951ca610b71f) Importer(815301076,1909f56bfc062723c751e8b465ee728b)
Start importing Assets/Plugins/3DTextGenerator/Character Models/upper_H.obj using Guid(cc992e463b854b44ea86951ca610b71f) Importer(815301076,1909f56bfc062723c751e8b465ee728b) (PreviewImporter) -> (artifact id: '9db22590202cebc23920f48ebf8a54ee') in 0.0209823 seconds
Number of updated asset objects reloaded before import = 0Number of asset objects unloaded after import = 10

========================================================================
Received Import Request.
  Time since last request: 0.000122 seconds.
  path: Assets/Plugins/3DTextGenerator/Character Models/lower_b.obj
  artifactKey: Guid(bfd95abd393b474459ae073a39ee7024) Importer(815301076,1909f56bfc062723c751e8b465ee728b)
Start importing Assets/Plugins/3DTextGenerator/Character Models/lower_b.obj using Guid(bfd95abd393b474459ae073a39ee7024) Importer(815301076,1909f56bfc062723c751e8b465ee728b) (PreviewImporter) -> (artifact id: '3f905e5d34081ee504eeec65ce78bcce') in 0.0194933 seconds
Number of updated asset objects reloaded before import = 0Number of asset objects unloaded after import = 10

========================================================================
Received Import Request.
  Time since last request: 0.000014 seconds.
  path: Assets/Plugins/3DTextGenerator/Character Models/upper_D.obj
  artifactKey: Guid(d583677d9ae16fb4a8894c8b7b8d56b8) Importer(815301076,1909f56bfc062723c751e8b465ee728b)
Start importing Assets/Plugins/3DTextGenerator/Character Models/upper_D.obj using Guid(d583677d9ae16fb4a8894c8b7b8d56b8) Importer(815301076,1909f56bfc062723c751e8b465ee728b) (PreviewImporter) -> (artifact id: 'fedbf2e2e6a69a46c71139d5b5cd22ca') in 0.0196207 seconds
Number of updated asset objects reloaded before import = 0Number of asset objects unloaded after import = 10

========================================================================
Received Import Request.
  Time since last request: 0.000013 seconds.
  path: Assets/Plugins/3DTextGenerator/Character Models/lower_l.obj
  artifactKey: Guid(782c66bdffb6e0a41b7fb72445d4c8f6) Importer(815301076,1909f56bfc062723c751e8b465ee728b)
Start importing Assets/Plugins/3DTextGenerator/Character Models/lower_l.obj using Guid(782c66bdffb6e0a41b7fb72445d4c8f6) Importer(815301076,1909f56bfc062723c751e8b465ee728b) (PreviewImporter) -> (artifact id: 'f8876c366bb8cc46a2b6db73b2a69d3e') in 0.019822 seconds
Number of updated asset objects reloaded before import = 0Number of asset objects unloaded after import = 10

========================================================================
Received Import Request.
  Time since last request: 0.000017 seconds.
  path: Assets/Plugins/3DTextGenerator/Character Models/lower_e_circum.obj
  artifactKey: Guid(6a77f5aaf1b6be740b846c98db1c9928) Importer(815301076,1909f56bfc062723c751e8b465ee728b)
Start importing Assets/Plugins/3DTextGenerator/Character Models/lower_e_circum.obj using Guid(6a77f5aaf1b6be740b846c98db1c9928) Importer(815301076,1909f56bfc062723c751e8b465ee728b) (PreviewImporter) -> (artifact id: '82048140f4c8c6c1e55a8cdef9689753') in 0.0200299 seconds
Number of updated asset objects reloaded before import = 0Number of asset objects unloaded after import = 10

Editor requested this worker to shutdown with reason: Scaling down because of idle timeout
AssetImportWorker is now disconnected from the server
Process exiting
Exiting without the bug reporter. Application will terminate with return code 0